	libxacc.so => /work/build-xacc/xacc/libxacc.so (0x00007fffff650000)
	libstdc++.so.6 => /lib/x86_64-linux-gnu/libstdc++.so.6 (0x00007fffff41e000)
	libgcc_s.so.1 => /lib/x86_64-linux-gnu/libgcc_s.so.1 (0x00007fffff3fe000)
	libc.so.6 => /lib/x86_64-linux-gnu/libc.so.6 (0x00007fffff1d5000)
	libCppMicroServices.so.4.0.0 => /work/build-xacc/tpls/cppmicroservices/lib/libCppMicroServices.so.4.0.0 (0x00007fffff0e4000)
	libcurl.so.4 => /lib/x86_64-linux-gnu/libcurl.so.4 (0x00007fffff03d000)
	libssl.so.3 => /lib/x86_64-linux-gnu/libssl.so.3 (0x00007ffffef97000)
	libcrypto.so.3 => /lib/x86_64-linux-gnu/libcrypto.so.3 (0x00007ffffeb53000)
	/lib64/ld-linux-x86-64.so.2 (0x00007ffffffc4000)
	libm.so.6 => /lib/x86_64-linux-gnu/libm.so.6 (0x00007ffffea6c000)
	libnghttp2.so.14 => /lib/x86_64-linux-gnu/libnghttp2.so.14 (0x00007ffffea42000)
	libidn2.so.0 => /lib/x86_64-linux-gnu/libidn2.so.0 (0x00007ffffea21000)
	librtmp.so.1 => /lib/x86_64-linux-gnu/librtmp.so.1 (0x00007ffffea00000)
	libssh.so.4 => /lib/x86_64-linux-gnu/libssh.so.4 (0x00007ffffe992000)
	libpsl.so.5 => /lib/x86_64-linux-gnu/libpsl.so.5 (0x00007ffffe97e000)
	libgssapi_krb5.so.2 => /lib/x86_64-linux-gnu/libgssapi_krb5.so.2 (0x00007ffffe92a000)
	libldap-2.5.so.0 => /lib/x86_64-linux-gnu/libldap-2.5.so.0 (0x00007ffffe8ca000)
	liblber-2.5.so.0 => /lib/x86_64-linux-gnu/liblber-2.5.so.0 (0x00007ffffe8b9000)
	libzstd.so.1 => /lib/x86_64-linux-gnu/libzstd.so.1 (0x00007ffffe7e8000)
	libbrotlidec.so.1 => /lib/x86_64-linux-gnu/libbrotlidec.so.1 (0x00007ffffe7da000)
	libz.so.1 => /lib/x86_64-linux-gnu/libz.so.1 (0x00007ffffe7be000)
	libunistring.so.2 => /lib/x86_64-linux-gnu/libunistring.so.2 (0x00007ffffe614000)
	libgnutls.so.30 => /lib/x86_64-linux-gnu/libgnutls.so.30 (0x00007ffffe428000)
	libhogweed.so.6 => /lib/x86_64-linux-gnu/libhogweed.so.6 (0x00007ffffe3de000)
	libnettle.so.8 => /lib/x86_64-linux-gnu/libnettle.so.8 (0x00007ffffe398000)
	libgmp.so.10 => /lib/x86_64-linux-gnu/libgmp.so.10 (0x00007ffffe316000)
	libkrb5.so.3 => /lib/x86_64-linux-gnu/libkrb5.so.3 (0x00007ffffe24b000)
	libk5crypto.so.3 => /lib/x86_64-linux-gnu/libk5crypto.so.3 (0x00007ffffe21c000)
	libcom_err.so.2 => /lib/x86_64-linux-gnu/libcom_err.so.2 (0x00007ffffe216000)
	libkrb5support.so.0 => /lib/x86_64-linux-gnu/libkrb5support.so.0 (0x00007ffffe206000)
	libsasl2.so.2 => /lib/x86_64-linux-gnu/libsasl2.so.2 (0x00007ffffe1eb000)
	libbrotlicommon.so.1 => /lib/x86_64-linux-gnu/libbrotlicommon.so.1 (0x00007ffffe1c8000)
	libp11-kit.so.0 => /lib/x86_64-linux-gnu/libp11-kit.so.0 (0x00007ffffe08d000)
	libtasn1.so.6 => /lib/x86_64-linux-gnu/libtasn1.so.6 (0x00007ffffe075000)
	libkeyutils.so.1 => /lib/x86_64-linux-gnu/libkeyutils.so.1 (0x00007ffffe06c000)
	libresolv.so.2 => /lib/x86_64-linux-gnu/libresolv.so.2 (0x00007ffffe059000)
	libffi.so.8 => /lib/x86_64-linux-gnu/libffi.so.8 (0x00007ffffe04c000)
