Consolidate compiler generated dependencies of target noise
[  2%] Built target noise
Consolidate compiler generated dependencies of target yaml-cpp
[ 32%] Built target yaml-cpp
Consolidate compiler generated dependencies of target cpr
[ 55%] Built target cpr
Consolidate compiler generated dependencies of target core
[ 91%] Built target core
Consolidate compiler generated dependencies of target pycore
[ 91%] Building CXX object CMakeFiles/pycore.dir/src/python/pybindings.cpp.o
[ 91%] Building CXX object CMakeFiles/pycore.dir/src/python/py_circuit_opt.cpp.o
[ 94%] Building CXX object CMakeFiles/pycore.dir/src/python/py_circuit_builder.cpp.o
[ 94%] Building CXX object CMakeFiles/pycore.dir/src/python/py_job_handle.cpp.o
[ 94%] Building CXX object CMakeFiles/pycore.dir/src/python/py_noise_model.cpp.o
[ 94%] Building CXX object CMakeFiles/pycore.dir/src/python/py_optimization_vqee.cpp.o
[ 97%] Building CXX object CMakeFiles/pycore.dir/src/python/py_placement.cpp.o
[ 97%] Building CXX object CMakeFiles/pycore.dir/src/python/py_session.cpp.o
[ 97%] Building CXX object CMakeFiles/pycore.dir/src/python/py_stl_containers.cpp.o
[100%] Building CXX object CMakeFiles/pycore.dir/src/python/py_benchmark.cpp.o
[100%] Building CXX object CMakeFiles/pycore.dir/src/python/py_benchmark_workflows.cpp.o
[100%] Building CXX object CMakeFiles/pycore.dir/src/python/py_benchmark_metrics.cpp.o
[100%] Linking CXX shared module core.cpython-310-x86_64-linux-gnu.so
[100%] Built target pycore
[  0%] Checking resource dependencies for algorithm_ae
[ 33%] Checking resource dependencies for algorithm_ae
[ 33%] Building CXX object CMakeFiles/algorithm_ae.dir/src/algorithms/amplitude_estimation/amplitude_estimation_algo_activator.cpp.o
[ 33%] Building CXX object CMakeFiles/algorithm_ae.dir/src/algorithms/amplitude_estimation/canonical_amplitude_estimation.cpp.o
[ 66%] Building CXX object CMakeFiles/algorithm_ae.dir/src/algorithms/amplitude_estimation/ML_amplitude_estimation.cpp.o
[ 66%] Building CXX object CMakeFiles/algorithm_ae.dir/algorithm_ae/cppmicroservices_resources.cpp.o
[ 66%] Building CXX object CMakeFiles/algorithm_ae.dir/algorithm_ae/cppmicroservices_init.cpp.o
[100%] Linking CXX shared library libalgorithm_ae.so
Appending zipped resources to algorithm_ae
[100%] Built target algorithm_ae
[  0%] Checking resource dependencies for algorithm_es
[  0%] Checking resource dependencies for algorithm_es
[ 50%] Building CXX object CMakeFiles/algorithm_es.dir/src/algorithms/exponential_search/exponential_search.cpp.o
[ 50%] Building CXX object CMakeFiles/algorithm_es.dir/src/algorithms/exponential_search/exponential_search_algo_activator.cpp.o
[ 50%] Building CXX object CMakeFiles/algorithm_es.dir/algorithm_es/cppmicroservices_resources.cpp.o
[ 50%] Building CXX object CMakeFiles/algorithm_es.dir/algorithm_es/cppmicroservices_init.cpp.o
[100%] Linking CXX shared library libalgorithm_es.so
Appending zipped resources to algorithm_es
[100%] Built target algorithm_es
[  3%] Built target noise
[ 33%] Built target yaml-cpp
[ 57%] Built target cpr
[ 93%] Built target core
[ 93%] Checking resource dependencies for aws_braket
[ 93%] Checking resource dependencies for aws_braket
[ 96%] Building CXX object CMakeFiles/aws_braket.dir/src/backends/sims/aws/braket/AWSQuantumTask.cpp.o
[ 96%] Building CXX object CMakeFiles/aws_braket.dir/src/backends/sims/aws/braket/AWSAccelerator.cpp.o
[ 96%] Building CXX object CMakeFiles/aws_braket.dir/aws_braket/cppmicroservices_resources.cpp.o
[ 96%] Building CXX object CMakeFiles/aws_braket.dir/aws_braket/cppmicroservices_init.cpp.o
[100%] Linking CXX shared library libaws_braket.so
Appending zipped resources to aws_braket
[100%] Built target aws_braket
Consolidate compiler generated dependencies of target circuits
[100%] Built target circuits
Consolidate compiler generated dependencies of target sparse_simulator
[100%] Built target sparse_simulator
[  0%] Checking resource dependencies for uccsd
[  0%] Checking resource dependencies for uccsd
[ 50%] Building CXX object CMakeFiles/uccsd.dir/src/uccsd/uccsd.cpp.o
[ 50%] Building CXX object CMakeFiles/uccsd.dir/uccsd/cppmicroservices_resources.cpp.o
[ 50%] Building CXX object CMakeFiles/uccsd.dir/uccsd/cppmicroservices_init.cpp.o
[100%] Linking CXX shared library libuccsd.so
Appending zipped resources to uccsd
[100%] Built target uccsd
[  0%] Checking resource dependencies for vqe
[  0%] Checking resource dependencies for vqe
[100%] Building CXX object CMakeFiles/vqe.dir/src/vqe/VariationalQuantumEigenSolver.cpp.o
[100%] Building CXX object CMakeFiles/vqe.dir/vqe/cppmicroservices_resources.cpp.o
[100%] Building CXX object CMakeFiles/vqe.dir/vqe/cppmicroservices_init.cpp.o
[100%] Linking CXX shared library libvqe.so
Appending zipped resources to vqe
[100%] Built target vqe
Consolidate compiler generated dependencies of target qb_gateset_transpiler
[ 33%] Building CXX object CMakeFiles/qb_gateset_transpiler.dir/src/transpiler/QuantumBrillianceGateSetTranspiler.cpp.o
[ 33%] Building CXX object CMakeFiles/qb_gateset_transpiler.dir/src/backends/hardware/qb/visitor.cpp.o
[ 33%] Building CXX object CMakeFiles/qb_gateset_transpiler.dir/src/backends/hardware/qb/visitor_CZ.cpp.o
[ 33%] Building CXX object CMakeFiles/qb_gateset_transpiler.dir/qb_gateset_transpiler/cppmicroservices_resources.cpp.o
[ 33%] Building CXX object CMakeFiles/qb_gateset_transpiler.dir/qb_gateset_transpiler/cppmicroservices_init.cpp.o
[ 66%] Linking CXX shared library libqb_gateset_transpiler.so
Appending zipped resources to qb_gateset_transpiler
[100%] Built target qb_gateset_transpiler
Consolidate compiler generated dependencies of target qb_qobj_compiler
[ 50%] Building CXX object CMakeFiles/qb_qobj_compiler.dir/src/qobj/QuantumBrillianceQobjCompiler.cpp.o
[ 50%] Building CXX object CMakeFiles/qb_qobj_compiler.dir/src/qobj/QobjCompilersActivator.cpp.o
[ 50%] Building CXX object CMakeFiles/qb_qobj_compiler.dir/qb_qobj_compiler/cppmicroservices_resources.cpp.o
[ 50%] Building CXX object CMakeFiles/qb_qobj_compiler.dir/qb_qobj_compiler/cppmicroservices_init.cpp.o
[ 50%] Linking CXX shared library libqb_qobj_compiler.so
Appending zipped resources to qb_qobj_compiler
[100%] Built target qb_qobj_compiler
[  2%] Built target noise
[ 32%] Built target yaml-cpp
[ 55%] Built target cpr
[ 91%] Built target core
[ 91%] Checking resource dependencies for decoder
[ 94%] Checking resource dependencies for decoder
Consolidate compiler generated dependencies of target decoder
[ 94%] Building CXX object decoder/CMakeFiles/decoder.dir/decoder/cppmicroservices_resources.cpp.o
[ 97%] Linking CXX shared library libdecoder.so
Appending zipped resources to decoder
[100%] Built target decoder
[  3%] Built target noise
[ 33%] Built target yaml-cpp
[ 57%] Built target cpr
[ 93%] Built target core
[ 93%] Checking resource dependencies for simplified_decoder
[ 96%] Checking resource dependencies for simplified_decoder
Consolidate compiler generated dependencies of target simplified_decoder
[100%] Building CXX object decoder/CMakeFiles/simplified_decoder.dir/simplified_decoder/cppmicroservices_resources.cpp.o
[100%] Linking CXX shared library libsimplified_decoder.so
Appending zipped resources to simplified_decoder
[100%] Built target simplified_decoder
