Get:1 https://snapshot.ubuntu.com/ubuntu/20260913T000000Z jammy InRelease [270 kB]
Get:2 https://snapshot.ubuntu.com/ubuntu/20260913T000000Z jammy-updates InRelease [128 kB]
Get:3 https://snapshot.ubuntu.com/ubuntu/20260913T000000Z jammy-security InRelease [129 kB]
Get:4 https://snapshot.ubuntu.com/ubuntu/20260913T000000Z jammy/universe amd64 Packages [17.5 MB]
Get:5 https://snapshot.ubuntu.com/ubuntu/20260913T000000Z jammy/main amd64 Packages [1792 kB]
Get:6 https://snapshot.ubuntu.com/ubuntu/20260913T000000Z jammy-updates/universe amd64 Packages [1620 kB]
Get:7 https://snapshot.ubuntu.com/ubuntu/20260913T000000Z jammy-updates/main amd64 Packages [4623 kB]
Get:8 https://snapshot.ubuntu.com/ubuntu/20260913T000000Z jammy-security/main amd64 Packages [4289 kB]
Get:9 https://snapshot.ubuntu.com/ubuntu/20260913T000000Z jammy-security/universe amd64 Packages [1317 kB]
Fetched 31.6 MB in 7s (4736 kB/s)
Reading package lists...
Reading package lists...
Building dependency tree...
Reading state information...
The following additional packages will be installed:
  libbrotli1 libexpat1 libldap-2.5-0 libmpdec3 libnghttp2-14 libpsl5
  libpython3-stdlib libpython3.10-minimal libpython3.10-stdlib libquadmath0
  libreadline8 librtmp1 libsasl2-2 libsasl2-modules-db libsqlite3-0 libssh-4
  media-types openssl python3 python3-distutils python3-lib2to3
  python3-minimal python3-pip-whl python3-setuptools-whl python3.10-minimal
  readline-common
Suggested packages:
  python3-doc python3-tk python3-venv python3.10-doc binutils binfmt-support
  readline-doc
Recommended packages:
  libldap-common publicsuffix libsasl2-modules
The following NEW packages will be installed:
  ca-certificates libbrotli1 libcurl4 libexpat1 libgfortran5 libgomp1
  libldap-2.5-0 libmpdec3 libnghttp2-14 libopenblas0-pthread libpsl5
  libpython3-stdlib libpython3.10 libpython3.10-minimal libpython3.10-stdlib
  libquadmath0 libreadline8 librtmp1 libsasl2-2 libsasl2-modules-db
  libsqlite3-0 libssh-4 media-types openssl python3 python3-distutils
  python3-lib2to3 python3-minimal python3-pip-whl python3-setuptools-whl
  python3.10 python3.10-minimal python3.10-venv readline-common
The following packages will be upgraded:
  libssl3
1 upgraded, 34 newly installed, 1 reinstalled, 0 to remove and 35 not upgraded.
Need to get 24.3 MB of archives.
After this operation, 88.6 MB of additional disk space will be used.
Get:1 https://snapshot.ubuntu.com/ubuntu/20260913T000000Z jammy-updates/main amd64 libssl3 amd64 3.0.2-0ubuntu1.29 [1906 kB]
Get:2 https://snapshot.ubuntu.com/ubuntu/20260913T000000Z jammy-updates/main amd64 libpython3.10-minimal amd64 3.10.12-1~22.04.18 [817 kB]
Get:3 https://snapshot.ubuntu.com/ubuntu/20260913T000000Z jammy-updates/main amd64 libexpat1 amd64 2.4.7-1ubuntu0.7 [92.1 kB]
Get:4 https://snapshot.ubuntu.com/ubuntu/20260913T000000Z jammy-updates/main amd64 python3.10-minimal amd64 3.10.12-1~22.04.18 [2277 kB]
Get:5 https://snapshot.ubuntu.com/ubuntu/20260913T000000Z jammy-updates/main amd64 python3-minimal amd64 3.10.6-1~22.04.1 [24.3 kB]
Get:6 https://snapshot.ubuntu.com/ubuntu/20260913T000000Z jammy/main amd64 media-types all 7.0.0 [25.5 kB]
Get:7 https://snapshot.ubuntu.com/ubuntu/20260913T000000Z jammy/main amd64 libmpdec3 amd64 2.5.1-2build2 [86.8 kB]
Get:8 https://snapshot.ubuntu.com/ubuntu/20260913T000000Z jammy/main amd64 readline-common all 8.1.2-1 [53.5 kB]
Get:9 https://snapshot.ubuntu.com/ubuntu/20260913T000000Z jammy/main amd64 libreadline8 amd64 8.1.2-1 [153 kB]
Get:10 https://snapshot.ubuntu.com/ubuntu/20260913T000000Z jammy-updates/main amd64 libsqlite3-0 amd64 3.37.2-2ubuntu0.7 [643 kB]
Get:11 https://snapshot.ubuntu.com/ubuntu/20260913T000000Z jammy-updates/main amd64 libpython3.10-stdlib amd64 3.10.12-1~22.04.18 [1850 kB]
Get:12 https://snapshot.ubuntu.com/ubuntu/20260913T000000Z jammy-updates/main amd64 python3.10 amd64 3.10.12-1~22.04.18 [508 kB]
Get:13 https://snapshot.ubuntu.com/ubuntu/20260913T000000Z jammy-updates/main amd64 libpython3-stdlib amd64 3.10.6-1~22.04.1 [6812 B]
Get:14 https://snapshot.ubuntu.com/ubuntu/20260913T000000Z jammy-updates/main amd64 python3 amd64 3.10.6-1~22.04.1 [22.8 kB]
Get:15 https://snapshot.ubuntu.com/ubuntu/20260913T000000Z jammy-updates/main amd64 libstdc++6 amd64 12.3.0-1ubuntu1~22.04.3 [699 kB]
Get:16 https://snapshot.ubuntu.com/ubuntu/20260913T000000Z jammy-updates/main amd64 openssl amd64 3.0.2-0ubuntu1.29 [1185 kB]
Get:17 https://snapshot.ubuntu.com/ubuntu/20260913T000000Z jammy-updates/main amd64 ca-certificates all 20260601~22.04.1 [141 kB]
Get:18 https://snapshot.ubuntu.com/ubuntu/20260913T000000Z jammy-updates/main amd64 libnghttp2-14 amd64 1.43.0-1ubuntu0.4 [76.9 kB]
Get:19 https://snapshot.ubuntu.com/ubuntu/20260913T000000Z jammy/main amd64 libpsl5 amd64 0.21.0-1.2build2 [58.4 kB]
Get:20 https://snapshot.ubuntu.com/ubuntu/20260913T000000Z jammy/main amd64 libbrotli1 amd64 1.0.9-2build6 [315 kB]
Get:21 https://snapshot.ubuntu.com/ubuntu/20260913T000000Z jammy-updates/main amd64 libsasl2-modules-db amd64 2.1.27+dfsg2-3ubuntu1.2 [20.5 kB]
Get:22 https://snapshot.ubuntu.com/ubuntu/20260913T000000Z jammy-updates/main amd64 libsasl2-2 amd64 2.1.27+dfsg2-3ubuntu1.2 [53.8 kB]
Get:23 https://snapshot.ubuntu.com/ubuntu/20260913T000000Z jammy-updates/main amd64 libldap-2.5-0 amd64 2.5.20+dfsg-0ubuntu0.22.04.1 [184 kB]
Get:24 https://snapshot.ubuntu.com/ubuntu/20260913T000000Z jammy/main amd64 librtmp1 amd64 2.4+20151223.gitfa8646d.1-2build4 [58.2 kB]
Get:25 https://snapshot.ubuntu.com/ubuntu/20260913T000000Z jammy-updates/main amd64 libssh-4 amd64 0.9.6-2ubuntu0.22.04.8 [189 kB]
Get:26 https://snapshot.ubuntu.com/ubuntu/20260913T000000Z jammy-updates/main amd64 libcurl4 amd64 7.81.0-1ubuntu1.27 [292 kB]
Get:27 https://snapshot.ubuntu.com/ubuntu/20260913T000000Z jammy-updates/main amd64 libquadmath0 amd64 12.3.0-1ubuntu1~22.04.3 [154 kB]
Get:28 https://snapshot.ubuntu.com/ubuntu/20260913T000000Z jammy-updates/main amd64 libgfortran5 amd64 12.3.0-1ubuntu1~22.04.3 [879 kB]
Get:29 https://snapshot.ubuntu.com/ubuntu/20260913T000000Z jammy-updates/main amd64 libgomp1 amd64 12.3.0-1ubuntu1~22.04.3 [127 kB]
Get:30 https://snapshot.ubuntu.com/ubuntu/20260913T000000Z jammy/universe amd64 libopenblas0-pthread amd64 0.3.20+ds-1 [6803 kB]
Get:31 https://snapshot.ubuntu.com/ubuntu/20260913T000000Z jammy-updates/main amd64 libpython3.10 amd64 3.10.12-1~22.04.18 [1950 kB]
Get:32 https://snapshot.ubuntu.com/ubuntu/20260913T000000Z jammy-updates/main amd64 python3-lib2to3 all 3.10.8-1~22.04 [77.6 kB]
Get:33 https://snapshot.ubuntu.com/ubuntu/20260913T000000Z jammy-updates/main amd64 python3-distutils all 3.10.8-1~22.04 [139 kB]
Get:34 https://snapshot.ubuntu.com/ubuntu/20260913T000000Z jammy-updates/universe amd64 python3-pip-whl all 22.0.2+dfsg-1ubuntu0.7 [1683 kB]
Get:35 https://snapshot.ubuntu.com/ubuntu/20260913T000000Z jammy-updates/universe amd64 python3-setuptools-whl all 59.6.0-1.2ubuntu0.22.04.3 [789 kB]
Get:36 https://snapshot.ubuntu.com/ubuntu/20260913T000000Z jammy-updates/universe amd64 python3.10-venv amd64 3.10.12-1~22.04.18 [5724 B]
Fetched 24.3 MB in 15s (1635 kB/s)
Download complete and in download only mode
tar: Removing leading `/' from member names
tar: Removing leading `/' from hard link targets
