#0 building with "desktop-linux" instance using docker driver

#1 [internal] load build definition from Dockerfile
#1 transferring dockerfile: 1.07kB done
#1 DONE 0.0s

#2 [internal] load metadata for docker.io/library/ubuntu@sha256:4f838adc7181d9039ac795a7d0aba05a9bd9ecd480d294483169c5def983b64d
#2 DONE 0.0s

#3 [internal] load .dockerignore
#3 transferring context: 54B done
#3 DONE 0.0s

#4 [ 1/10] FROM docker.io/library/ubuntu@sha256:4f838adc7181d9039ac795a7d0aba05a9bd9ecd480d294483169c5def983b64d
#4 resolve docker.io/library/ubuntu@sha256:4f838adc7181d9039ac795a7d0aba05a9bd9ecd480d294483169c5def983b64d done
#4 DONE 0.0s

#5 [internal] load build context
#5 transferring context: 311.33MB 1.9s done
#5 DONE 1.9s

#6 [ 2/10] COPY os/debs/ /inputs/debs/
#6 CACHED

#7 [ 3/10] RUN dpkg -i /inputs/debs/*.deb     && apt-get --no-download check     && dpkg-query -W -f='${binary:Package}\t${Version}\n' > /runtime-packages.txt     && rm -rf /inputs/debs /var/lib/apt/lists/*
#7 0.139 Selecting previously unselected package ca-certificates.
#7 0.146 (Reading database ... 4393 files and directories currently installed.)
#7 0.146 Preparing to unpack .../ca-certificates_20260601~22.04.1_all.deb ...
#7 0.150 Unpacking ca-certificates (20260601~22.04.1) ...
#7 0.271 Selecting previously unselected package libbrotli1:amd64.
#7 0.271 Preparing to unpack .../libbrotli1_1.0.9-2build6_amd64.deb ...
#7 0.275 Unpacking libbrotli1:amd64 (1.0.9-2build6) ...
#7 0.362 Selecting previously unselected package libcurl4:amd64.
#7 0.362 Preparing to unpack .../libcurl4_7.81.0-1ubuntu1.27_amd64.deb ...
#7 0.365 Unpacking libcurl4:amd64 (7.81.0-1ubuntu1.27) ...
#7 0.446 Selecting previously unselected package libexpat1:amd64.
#7 0.447 Preparing to unpack .../libexpat1_2.4.7-1ubuntu0.7_amd64.deb ...
#7 0.449 Unpacking libexpat1:amd64 (2.4.7-1ubuntu0.7) ...
#7 0.534 Selecting previously unselected package libgfortran5:amd64.
#7 0.535 Preparing to unpack .../libgfortran5_12.3.0-1ubuntu1~22.04.3_amd64.deb ...
#7 0.537 Unpacking libgfortran5:amd64 (12.3.0-1ubuntu1~22.04.3) ...
#7 0.628 Selecting previously unselected package libgomp1:amd64.
#7 0.628 Preparing to unpack .../libgomp1_12.3.0-1ubuntu1~22.04.3_amd64.deb ...
#7 0.630 Unpacking libgomp1:amd64 (12.3.0-1ubuntu1~22.04.3) ...
#7 0.711 Selecting previously unselected package libldap-2.5-0:amd64.
#7 0.711 Preparing to unpack .../libldap-2.5-0_2.5.20+dfsg-0ubuntu0.22.04.1_amd64.deb ...
#7 0.714 Unpacking libldap-2.5-0:amd64 (2.5.20+dfsg-0ubuntu0.22.04.1) ...
#7 0.800 Selecting previously unselected package libmpdec3:amd64.
#7 0.801 Preparing to unpack .../libmpdec3_2.5.1-2build2_amd64.deb ...
#7 0.803 Unpacking libmpdec3:amd64 (2.5.1-2build2) ...
#7 0.882 Selecting previously unselected package libnghttp2-14:amd64.
#7 0.882 Preparing to unpack .../libnghttp2-14_1.43.0-1ubuntu0.4_amd64.deb ...
#7 0.884 Unpacking libnghttp2-14:amd64 (1.43.0-1ubuntu0.4) ...
#7 0.963 Selecting previously unselected package libopenblas0-pthread:amd64.
#7 0.964 Preparing to unpack .../libopenblas0-pthread_0.3.20+ds-1_amd64.deb ...
#7 0.966 Unpacking libopenblas0-pthread:amd64 (0.3.20+ds-1) ...
#7 1.436 Selecting previously unselected package libpsl5:amd64.
#7 1.437 Preparing to unpack .../libpsl5_0.21.0-1.2build2_amd64.deb ...
#7 1.438 Unpacking libpsl5:amd64 (0.21.0-1.2build2) ...
#7 1.522 Selecting previously unselected package libpython3-stdlib:amd64.
#7 1.522 Preparing to unpack .../libpython3-stdlib_3.10.6-1~22.04.1_amd64.deb ...
#7 1.524 Unpacking libpython3-stdlib:amd64 (3.10.6-1~22.04.1) ...
#7 1.614 Selecting previously unselected package libpython3.10-minimal:amd64.
#7 1.614 Preparing to unpack .../libpython3.10-minimal_3.10.12-1~22.04.18_amd64.deb ...
#7 1.616 Unpacking libpython3.10-minimal:amd64 (3.10.12-1~22.04.18) ...
#7 1.809 Selecting previously unselected package libpython3.10-stdlib:amd64.
#7 1.809 Preparing to unpack .../libpython3.10-stdlib_3.10.12-1~22.04.18_amd64.deb ...
#7 1.812 Unpacking libpython3.10-stdlib:amd64 (3.10.12-1~22.04.18) ...
#7 1.977 Selecting previously unselected package libpython3.10:amd64.
#7 1.977 Preparing to unpack .../libpython3.10_3.10.12-1~22.04.18_amd64.deb ...
#7 1.980 Unpacking libpython3.10:amd64 (3.10.12-1~22.04.18) ...
#7 2.081 Selecting previously unselected package libquadmath0:amd64.
#7 2.082 Preparing to unpack .../libquadmath0_12.3.0-1ubuntu1~22.04.3_amd64.deb ...
#7 2.084 Unpacking libquadmath0:amd64 (12.3.0-1ubuntu1~22.04.3) ...
#7 2.194 Selecting previously unselected package libreadline8:amd64.
#7 2.195 Preparing to unpack .../libreadline8_8.1.2-1_amd64.deb ...
#7 2.197 Unpacking libreadline8:amd64 (8.1.2-1) ...
#7 2.280 Selecting previously unselected package librtmp1:amd64.
#7 2.280 Preparing to unpack .../librtmp1_2.4+20151223.gitfa8646d.1-2build4_amd64.deb ...
#7 2.282 Unpacking librtmp1:amd64 (2.4+20151223.gitfa8646d.1-2build4) ...
#7 2.463 Selecting previously unselected package libsasl2-2:amd64.
#7 2.464 Preparing to unpack .../libsasl2-2_2.1.27+dfsg2-3ubuntu1.2_amd64.deb ...
#7 2.467 Unpacking libsasl2-2:amd64 (2.1.27+dfsg2-3ubuntu1.2) ...
#7 2.549 Selecting previously unselected package libsasl2-modules-db:amd64.
#7 2.549 Preparing to unpack .../libsasl2-modules-db_2.1.27+dfsg2-3ubuntu1.2_amd64.deb ...
#7 2.556 Unpacking libsasl2-modules-db:amd64 (2.1.27+dfsg2-3ubuntu1.2) ...
#7 2.631 Selecting previously unselected package libsqlite3-0:amd64.
#7 2.632 Preparing to unpack .../libsqlite3-0_3.37.2-2ubuntu0.7_amd64.deb ...
#7 2.639 Unpacking libsqlite3-0:amd64 (3.37.2-2ubuntu0.7) ...
#7 2.720 Selecting previously unselected package libssh-4:amd64.
#7 2.720 Preparing to unpack .../libssh-4_0.9.6-2ubuntu0.22.04.8_amd64.deb ...
#7 2.722 Unpacking libssh-4:amd64 (0.9.6-2ubuntu0.22.04.8) ...
#7 2.817 Preparing to unpack .../libssl3_3.0.2-0ubuntu1.29_amd64.deb ...
#7 2.822 Unpacking libssl3:amd64 (3.0.2-0ubuntu1.29) over (3.0.2-0ubuntu1.23) ...
#7 3.032 Preparing to unpack .../libstdc++6_12.3.0-1ubuntu1~22.04.3_amd64.deb ...
#7 3.280 Unpacking libstdc++6:amd64 (12.3.0-1ubuntu1~22.04.3) over (12.3.0-1ubuntu1~22.04.3) ...
#7 3.427 Selecting previously unselected package media-types.
#7 3.428 Preparing to unpack .../debs/media-types_7.0.0_all.deb ...
#7 3.430 Unpacking media-types (7.0.0) ...
#7 3.505 Selecting previously unselected package openssl.
#7 3.506 Preparing to unpack .../openssl_3.0.2-0ubuntu1.29_amd64.deb ...
#7 3.511 Unpacking openssl (3.0.2-0ubuntu1.29) ...
#7 3.597 Selecting previously unselected package python3-distutils.
#7 3.597 Preparing to unpack .../python3-distutils_3.10.8-1~22.04_all.deb ...
#7 3.599 Unpacking python3-distutils (3.10.8-1~22.04) ...
#7 3.714 Selecting previously unselected package python3-lib2to3.
#7 3.715 Preparing to unpack .../python3-lib2to3_3.10.8-1~22.04_all.deb ...
#7 3.718 Unpacking python3-lib2to3 (3.10.8-1~22.04) ...
#7 3.815 Selecting previously unselected package python3-minimal.
#7 3.815 dpkg: regarding .../python3-minimal_3.10.6-1~22.04.1_amd64.deb containing python3-minimal, pre-dependency problem:
#7 3.815  python3-minimal pre-depends on python3.10-minimal (>= 3.10.6-1~)
#7 3.815   python3.10-minimal is not installed.
#7 3.815 
#7 3.815 dpkg: error processing archive /inputs/debs/python3-minimal_3.10.6-1~22.04.1_amd64.deb (--install):
#7 3.815  pre-dependency problem - not installing python3-minimal
#7 3.870 Selecting previously unselected package python3-pip-whl.
#7 3.871 Preparing to unpack .../python3-pip-whl_22.0.2+dfsg-1ubuntu0.7_all.deb ...
#7 3.875 Unpacking python3-pip-whl (22.0.2+dfsg-1ubuntu0.7) ...
#7 3.956 Selecting previously unselected package python3-setuptools-whl.
#7 3.957 Preparing to unpack .../python3-setuptools-whl_59.6.0-1.2ubuntu0.22.04.3_all.deb ...
#7 3.958 Unpacking python3-setuptools-whl (59.6.0-1.2ubuntu0.22.04.3) ...
#7 4.044 Selecting previously unselected package python3.10-minimal.
#7 4.044 Preparing to unpack .../python3.10-minimal_3.10.12-1~22.04.18_amd64.deb ...
#7 4.079 Unpacking python3.10-minimal (3.10.12-1~22.04.18) ...
#7 4.224 Selecting previously unselected package python3.10-venv.
#7 4.225 Preparing to unpack .../python3.10-venv_3.10.12-1~22.04.18_amd64.deb ...
#7 4.227 Unpacking python3.10-venv (3.10.12-1~22.04.18) ...
#7 4.303 Selecting previously unselected package python3.10.
#7 4.303 Preparing to unpack .../python3.10_3.10.12-1~22.04.18_amd64.deb ...
#7 4.306 Unpacking python3.10 (3.10.12-1~22.04.18) ...
#7 4.383 Selecting previously unselected package python3.
#7 4.383 dpkg: regarding .../python3_3.10.6-1~22.04.1_amd64.deb containing python3, pre-dependency problem:
#7 4.383  python3 pre-depends on python3-minimal (= 3.10.6-1~22.04.1)
#7 4.383   python3-minimal is not installed.
#7 4.383 
#7 4.383 dpkg: error processing archive /inputs/debs/python3_3.10.6-1~22.04.1_amd64.deb (--install):
#7 4.383  pre-dependency problem - not installing python3
#7 4.436 Selecting previously unselected package readline-common.
#7 4.437 Preparing to unpack .../readline-common_8.1.2-1_all.deb ...
#7 4.439 Unpacking readline-common (8.1.2-1) ...
#7 4.472 Setting up libbrotli1:amd64 (1.0.9-2build6) ...
#7 4.479 Setting up libexpat1:amd64 (2.4.7-1ubuntu0.7) ...
#7 4.484 Setting up libgomp1:amd64 (12.3.0-1ubuntu1~22.04.3) ...
#7 4.490 Setting up libnghttp2-14:amd64 (1.43.0-1ubuntu0.4) ...
#7 4.496 Setting up libpsl5:amd64 (0.21.0-1.2build2) ...
#7 4.502 Setting up libquadmath0:amd64 (12.3.0-1ubuntu1~22.04.3) ...
#7 4.507 Setting up librtmp1:amd64 (2.4+20151223.gitfa8646d.1-2build4) ...
#7 4.512 Setting up libsasl2-modules-db:amd64 (2.1.27+dfsg2-3ubuntu1.2) ...
#7 4.518 Setting up libsqlite3-0:amd64 (3.37.2-2ubuntu0.7) ...
#7 4.523 Setting up libssl3:amd64 (3.0.2-0ubuntu1.29) ...
#7 4.819 debconf: unable to initialize frontend: Dialog
#7 4.819 debconf: (TERM is not set, so the dialog frontend is not usable.)
#7 4.819 debconf: falling back to frontend: Readline
#7 4.819 debconf: unable to initialize frontend: Readline
#7 4.819 debconf: (Can't locate Term/ReadLine.pm in @INC (you may need to install the Term::ReadLine module) (@INC contains: /etc/perl /usr/local/lib/x86_64-linux-gnu/perl/5.34.0 /usr/local/share/perl/5.34.0 /usr/lib/x86_64-linux-gnu/perl5/5.34 /usr/share/perl5 /usr/lib/x86_64-linux-gnu/perl-base /usr/lib/x86_64-linux-gnu/perl/5.34 /usr/share/perl/5.34 /usr/local/lib/site_perl) at /usr/share/perl5/Debconf/FrontEnd/Readline.pm line 7.)
#7 4.819 debconf: falling back to frontend: Teletype
#7 4.934 Setting up libstdc++6:amd64 (12.3.0-1ubuntu1~22.04.3) ...
#7 4.940 Setting up media-types (7.0.0) ...
#7 4.949 Setting up openssl (3.0.2-0ubuntu1.29) ...
#7 4.968 Setting up python3-setuptools-whl (59.6.0-1.2ubuntu0.22.04.3) ...
#7 4.968 dpkg: dependency problems prevent configuration of python3-distutils:
#7 4.968  python3-distutils depends on python3:any (>= 3.10.5-0~).
#7 4.968  python3-distutils depends on python3:any (<< 3.12).
#7 4.968 
#7 4.968 dpkg: error processing package python3-distutils (--install):
#7 4.968  dependency problems - leaving unconfigured
#7 4.968 dpkg: dependency problems prevent configuration of python3-lib2to3:
#7 4.968  python3-lib2to3 depends on python3:any (>= 3.10.5-0~).
#7 4.968  python3-lib2to3 depends on python3:any (<< 3.12).
#7 4.968 
#7 4.968 dpkg: error processing package python3-lib2to3 (--install):
#7 4.968  dependency problems - leaving unconfigured
#7 4.974 dpkg: dependency problems prevent configuration of python3.10-venv:
#7 4.974  python3.10-venv depends on python3.10-distutils; however:
#7 4.974   Package python3.10-distutils is not installed.
#7 4.974   Package python3-distutils which provides python3.10-distutils is not configured yet.
#7 4.974 
#7 4.974 dpkg: error processing package python3.10-venv (--install):
#7 4.974  dependency problems - leaving unconfigured
#7 4.974 Setting up readline-common (8.1.2-1) ...
#7 5.005 Setting up ca-certificates (20260601~22.04.1) ...
#7 5.214 debconf: unable to initialize frontend: Dialog
#7 5.214 debconf: (TERM is not set, so the dialog frontend is not usable.)
#7 5.214 debconf: falling back to frontend: Readline
#7 5.214 debconf: unable to initialize frontend: Readline
#7 5.214 debconf: (Can't locate Term/ReadLine.pm in @INC (you may need to install the Term::ReadLine module) (@INC contains: /etc/perl /usr/local/lib/x86_64-linux-gnu/perl/5.34.0 /usr/local/share/perl/5.34.0 /usr/lib/x86_64-linux-gnu/perl5/5.34 /usr/share/perl5 /usr/lib/x86_64-linux-gnu/perl-base /usr/lib/x86_64-linux-gnu/perl/5.34 /usr/share/perl/5.34 /usr/local/lib/site_perl) at /usr/share/perl5/Debconf/FrontEnd/Readline.pm line 7.)
#7 5.214 debconf: falling back to frontend: Teletype
#7 8.816 Updating certificates in /etc/ssl/certs...
#7 14.73 121 added, 0 removed; done.
#7 14.81 Setting up libgfortran5:amd64 (12.3.0-1ubuntu1~22.04.3) ...
#7 14.82 Setting up libmpdec3:amd64 (2.5.1-2build2) ...
#7 14.82 Setting up libopenblas0-pthread:amd64 (0.3.20+ds-1) ...
#7 14.86 update-alternatives: using /usr/lib/x86_64-linux-gnu/openblas-pthread/libblas.so.3 to provide /usr/lib/x86_64-linux-gnu/libblas.so.3 (libblas.so.3-x86_64-linux-gnu) in auto mode
#7 14.88 update-alternatives: using /usr/lib/x86_64-linux-gnu/openblas-pthread/liblapack.so.3 to provide /usr/lib/x86_64-linux-gnu/liblapack.so.3 (liblapack.so.3-x86_64-linux-gnu) in auto mode
#7 14.89 update-alternatives: using /usr/lib/x86_64-linux-gnu/openblas-pthread/libopenblas.so.0 to provide /usr/lib/x86_64-linux-gnu/libopenblas.so.0 (libopenblas.so.0-x86_64-linux-gnu) in auto mode
#7 14.90 Setting up libpython3.10-minimal:amd64 (3.10.12-1~22.04.18) ...
#7 14.93 Setting up libreadline8:amd64 (8.1.2-1) ...
#7 14.93 Setting up libsasl2-2:amd64 (2.1.27+dfsg2-3ubuntu1.2) ...
#7 14.94 Setting up libssh-4:amd64 (0.9.6-2ubuntu0.22.04.8) ...
#7 14.95 Setting up python3-pip-whl (22.0.2+dfsg-1ubuntu0.7) ...
#7 14.95 Setting up python3.10-minimal (3.10.12-1~22.04.18) ...
#7 15.78 Setting up libldap-2.5-0:amd64 (2.5.20+dfsg-0ubuntu0.22.04.1) ...
#7 15.79 Setting up libpython3.10-stdlib:amd64 (3.10.12-1~22.04.18) ...
#7 15.79 Setting up libpython3.10:amd64 (3.10.12-1~22.04.18) ...
#7 15.80 Setting up python3.10 (3.10.12-1~22.04.18) ...
#7 16.38 Setting up libcurl4:amd64 (7.81.0-1ubuntu1.27) ...
#7 16.39 Setting up libpython3-stdlib:amd64 (3.10.6-1~22.04.1) ...
#7 16.39 Processing triggers for libc-bin (2.35-0ubuntu3.13) ...
#7 16.44 Processing triggers for ca-certificates (20260601~22.04.1) ...
#7 16.50 Updating certificates in /etc/ssl/certs...
#7 21.22 0 added, 0 removed; done.
#7 21.22 Running hooks in /etc/ca-certificates/update.d...
#7 21.23 done.
#7 21.28 Errors were encountered while processing:
#7 21.28  /inputs/debs/python3-minimal_3.10.6-1~22.04.1_amd64.deb
#7 21.28  /inputs/debs/python3_3.10.6-1~22.04.1_amd64.deb
#7 21.28  python3-distutils
#7 21.28  python3-lib2to3
#7 21.28  python3.10-venv
#7 ERROR: process "/bin/sh -c dpkg -i /inputs/debs/*.deb     && apt-get --no-download check     && dpkg-query -W -f='${binary:Package}\\t${Version}\\n' > /runtime-packages.txt     && rm -rf /inputs/debs /var/lib/apt/lists/*" did not complete successfully: exit code: 1
------
 > [ 3/10] RUN dpkg -i /inputs/debs/*.deb     && apt-get --no-download check     && dpkg-query -W -f='${binary:Package}\t${Version}\n' > /runtime-packages.txt     && rm -rf /inputs/debs /var/lib/apt/lists/*:
16.50 Updating certificates in /etc/ssl/certs...
21.22 0 added, 0 removed; done.
21.22 Running hooks in /etc/ca-certificates/update.d...
21.23 done.
21.28 Errors were encountered while processing:
21.28  /inputs/debs/python3-minimal_3.10.6-1~22.04.1_amd64.deb
21.28  /inputs/debs/python3_3.10.6-1~22.04.1_amd64.deb
21.28  python3-distutils
21.28  python3-lib2to3
21.28  python3.10-venv
------
Dockerfile:3
--------------------
   2 |     COPY os/debs/ /inputs/debs/
   3 | >>> RUN dpkg -i /inputs/debs/*.deb \
   4 | >>>     && apt-get --no-download check \
   5 | >>>     && dpkg-query -W -f='${binary:Package}\t${Version}\n' > /runtime-packages.txt \
   6 | >>>     && rm -rf /inputs/debs /var/lib/apt/lists/*
   7 |     COPY work.tar /inputs/work.tar
--------------------
ERROR: failed to build: failed to solve: process "/bin/sh -c dpkg -i /inputs/debs/*.deb     && apt-get --no-download check     && dpkg-query -W -f='${binary:Package}\\t${Version}\\n' > /runtime-packages.txt     && rm -rf /inputs/debs /var/lib/apt/lists/*" did not complete successfully: exit code: 1
