#0 building with "desktop-linux" instance using docker driver

#1 [internal] load build definition from Dockerfile
#1 transferring dockerfile: 1.17kB done
#1 DONE 0.0s

#2 [internal] load metadata for docker.io/library/ubuntu@sha256:4f838adc7181d9039ac795a7d0aba05a9bd9ecd480d294483169c5def983b64d
#2 DONE 0.0s

#3 [internal] load .dockerignore
#3 transferring context: 54B done
#3 DONE 0.0s

#4 [ 1/10] FROM docker.io/library/ubuntu@sha256:4f838adc7181d9039ac795a7d0aba05a9bd9ecd480d294483169c5def983b64d
#4 resolve docker.io/library/ubuntu@sha256:4f838adc7181d9039ac795a7d0aba05a9bd9ecd480d294483169c5def983b64d done
#4 DONE 0.0s

#5 [internal] load build context
#5 transferring context: 311.33MB 2.9s done
#5 DONE 3.0s

#6 [ 2/10] COPY os/debs/ /inputs/debs/
#6 CACHED

#7 [ 5/10] RUN mkdir -p /work && tar -xf /inputs/work.tar -C /work && rm /inputs/work.tar
#7 CACHED

#8 [ 6/10] COPY runtime/ /opt/qristal/
#8 CACHED

#9 [ 3/10] RUN DEBIAN_FRONTEND=noninteractive apt-get -o Acquire::Retries=0 --no-install-recommends -y install /inputs/debs/*.deb     && apt-get check     && dpkg-query -W -f='${binary:Package}\t${Version}\n' > /runtime-packages.txt     && rm -rf /inputs/debs /var/lib/apt/lists/*
#9 CACHED

#10 [ 4/10] COPY work.tar /inputs/work.tar
#10 CACHED

#11 [ 7/10] COPY python/wheels/ /inputs/wheels/
#11 CACHED

#12 [ 8/10] COPY runtime/requirements.txt /inputs/requirements.txt
#12 CACHED

#13 [ 9/10] RUN PIP_FORCE_REINSTALL=1 sh /opt/qristal/install-python.sh && rm -rf /inputs/wheels /inputs/requirements.txt
#13 2.864 Processing /inputs/wheels/amazon_braket_default_simulator-1.21.1-py3-none-any.whl
#13 2.872 Processing /inputs/wheels/amazon_braket_schemas-1.20.2-py3-none-any.whl
#13 2.873 Processing /inputs/wheels/amazon_braket_sdk-1.74.1-py3-none-any.whl
#13 2.875 Processing /inputs/wheels/ase-3.25.0-py3-none-any.whl
#13 2.891 Processing /inputs/wheels/backoff-2.2.1-py3-none-any.whl
#13 2.892 Processing /inputs/wheels/boltons-26.2.0-py3-none-any.whl
#13 2.893 Processing /inputs/wheels/boto3-1.34.0-py3-none-any.whl
#13 2.895 Processing /inputs/wheels/botocore-1.34.0-py3-none-any.whl
#13 2.925 Processing /inputs/wheels/cloudpickle-2.2.1-py3-none-any.whl
#13 2.926 Processing /inputs/wheels/contourpy-1.3.2-cp310-cp310-manylinux_2_17_x86_64.manylinux2014_x86_64.whl
#13 2.928 Processing /inputs/wheels/cycler-0.12.1-py3-none-any.whl
#13 2.929 Processing /inputs/wheels/dill-0.4.1-py3-none-any.whl
#13 2.930 Processing /inputs/wheels/exceptiongroup-1.3.1-py3-none-any.whl
#13 2.931 Processing /inputs/wheels/fonttools-4.64.0-cp310-cp310-manylinux2014_x86_64.manylinux_2_17_x86_64.whl
#13 2.945 Processing /inputs/wheels/iniconfig-2.3.0-py3-none-any.whl
#13 2.946 Processing /inputs/wheels/jmespath-1.1.0-py3-none-any.whl
#13 2.947 Processing /inputs/wheels/kiwisolver-1.5.1-cp310-cp310-manylinux_2_12_x86_64.manylinux2010_x86_64.whl
#13 2.950 Processing /inputs/wheels/matplotlib-3.8.4-cp310-cp310-manylinux_2_17_x86_64.manylinux2014_x86_64.whl
#13 2.987 Processing /inputs/wheels/mpmath-1.3.0-py3-none-any.whl
#13 2.991 Processing /inputs/wheels/mypy_extensions-1.1.0-py3-none-any.whl
#13 2.992 Processing /inputs/wheels/nest_asyncio-1.6.0-py3-none-any.whl
#13 2.994 Processing /inputs/wheels/networkx-3.4.2-py3-none-any.whl
#13 3.001 Processing /inputs/wheels/numpy-1.26.4-cp310-cp310-manylinux_2_17_x86_64.manylinux2014_x86_64.whl
#13 3.048 Processing /inputs/wheels/openpulse-1.0.1-py3-none-any.whl
#13 3.052 Processing /inputs/wheels/openqasm3-1.0.1-py3-none-any.whl
#13 3.057 Processing /inputs/wheels/opt_einsum-3.4.0-py3-none-any.whl
#13 3.059 Processing /inputs/wheels/oqpy-0.3.10-py3-none-any.whl
#13 3.063 Processing /inputs/wheels/packaging-26.3-py3-none-any.whl
#13 3.065 Processing /inputs/wheels/pillow-12.3.0-cp310-cp310-manylinux_2_27_x86_64.manylinux_2_28_x86_64.whl
#13 3.085 Processing /inputs/wheels/pluggy-1.6.0-py3-none-any.whl
#13 3.087 Processing /inputs/wheels/ply-3.11-py2.py3-none-any.whl
#13 3.089 Processing /inputs/wheels/psutil-7.2.2-cp36-abi3-manylinux2010_x86_64.manylinux_2_12_x86_64.manylinux_2_28_x86_64.whl
#13 3.091 Processing /inputs/wheels/pydantic-1.10.26-cp310-cp310-manylinux2014_x86_64.manylinux_2_17_x86_64.whl
#13 3.098 Processing /inputs/wheels/pyparsing-3.3.2-py3-none-any.whl
#13 3.100 Processing /inputs/wheels/pytest-8.2.0-py3-none-any.whl
#13 3.101 Processing /inputs/wheels/python_dateutil-2.9.0.post0-py2.py3-none-any.whl
#13 3.103 Processing /inputs/wheels/qiskit-0.46.0-py3-none-any.whl
#13 3.104 Processing /inputs/wheels/qiskit_terra-0.46.0-cp38-abi3-manylinux_2_17_x86_64.manylinux2014_x86_64.whl
#13 3.128 Processing /inputs/wheels/rustworkx-0.18.1-cp310-abi3-manylinux2014_x86_64.manylinux_2_17_x86_64.whl
#13 3.139 Processing /inputs/wheels/s3transfer-0.9.0-py3-none-any.whl
#13 3.143 Processing /inputs/wheels/scipy-1.15.3-cp310-cp310-manylinux_2_17_x86_64.manylinux2014_x86_64.whl
#13 3.252 Processing /inputs/wheels/setuptools-59.6.0-py3-none-any.whl
#13 3.259 Processing /inputs/wheels/six-1.17.0-py2.py3-none-any.whl
#13 3.261 Processing /inputs/wheels/stevedore-5.8.0-py3-none-any.whl
#13 3.262 Processing /inputs/wheels/symengine-0.14.1-cp310-cp310-manylinux_2_17_x86_64.manylinux2014_x86_64.whl
#13 3.384 Processing /inputs/wheels/sympy-1.14.0-py3-none-any.whl
#13 3.404 Processing /inputs/wheels/tomli-2.4.1-py3-none-any.whl
#13 3.405 Processing /inputs/wheels/typing_extensions-4.16.0-py3-none-any.whl
#13 3.405 Processing /inputs/wheels/urllib3-2.0.7-py3-none-any.whl
#13 3.406 Processing /inputs/wheels/wheel-0.37.1-py2.py3-none-any.whl
#13 3.407 Processing /inputs/wheels/antlr4_python3_runtime-4.9.2-py3-none-any.whl
#13 3.473 Installing collected packages: ply, openqasm3, openpulse, mpmath, antlr4-python3-runtime, wheel, urllib3, typing-extensions, tomli, sympy, symengine, stevedore, six, setuptools, scipy, s3transfer, rustworkx, qiskit-terra, qiskit, python-dateutil, pytest, pyparsing, pydantic, psutil, pluggy, pillow, packaging, oqpy, opt-einsum, numpy, networkx, nest-asyncio, mypy-extensions, matplotlib, kiwisolver, jmespath, iniconfig, fonttools, exceptiongroup, dill, cycler, contourpy, cloudpickle, botocore, boto3, boltons, backoff, ase, amazon-braket-sdk, amazon-braket-schemas, amazon-braket-default-simulator
#13 8.029   Attempting uninstall: setuptools
#13 8.030     Found existing installation: setuptools 59.6.0
#13 8.061     Uninstalling setuptools-59.6.0:
#13 8.086       Successfully uninstalled setuptools-59.6.0
#13 19.13 Successfully installed amazon-braket-default-simulator-1.21.1 amazon-braket-schemas-1.20.2 amazon-braket-sdk-1.74.1 antlr4-python3-runtime-4.9.2 ase-3.25.0 backoff-2.2.1 boltons-26.2.0 boto3-1.34.0 botocore-1.34.0 cloudpickle-2.2.1 contourpy-1.3.2 cycler-0.12.1 dill-0.4.1 exceptiongroup-1.3.1 fonttools-4.64.0 iniconfig-2.3.0 jmespath-1.1.0 kiwisolver-1.5.1 matplotlib-3.8.4 mpmath-1.3.0 mypy-extensions-1.1.0 nest-asyncio-1.6.0 networkx-3.4.2 numpy-1.26.4 openpulse-1.0.1 openqasm3-1.0.1 opt-einsum-3.4.0 oqpy-0.3.10 packaging-26.3 pillow-12.3.0 pluggy-1.6.0 ply-3.11 psutil-7.2.2 pydantic-1.10.26 pyparsing-3.3.2 pytest-8.2.0 python-dateutil-2.9.0.post0 qiskit-0.46.0 qiskit-terra-0.46.0 rustworkx-0.18.1 s3transfer-0.9.0 scipy-1.15.3 setuptools-59.6.0 six-1.17.0 stevedore-5.8.0 symengine-0.14.1 sympy-1.14.0 tomli-2.4.1 typing-extensions-4.16.0 urllib3-2.0.7 wheel-0.37.1
#13 19.71 No broken requirements found.
#13 DONE 21.6s

#14 [10/10] WORKDIR /tmp
#14 DONE 0.2s

#15 exporting to image
#15 exporting layers
#15 exporting layers 13.5s done
#15 exporting manifest sha256:35861848af8bdccbdf38fac070979b0cb3e08c4ae66bd74620f4a514e70608d7 done
#15 exporting config sha256:1d6c4259e2992b5c66fd2eabba4819cc63987e6e718385fe1091319822d87e4b done
#15 exporting attestation manifest sha256:04b4528be1bbeb36bb80cb7153f856ef852d0db8a1772e96d301f8bc8c788cb1 done
#15 exporting manifest list sha256:8d8a81d995325ae9c452dca2698442b02c735cc6eae9d98ea78a38532a5a8266 done
#15 naming to docker.io/library/qristal-qpp-local:20260914 done
#15 DONE 13.5s
